// Jest Snapshot v1, https://goo.gl/fbAQLP

exports[`Search component should be render correctly 1`] = `
<form
  className="search content__search"
  onSubmit={[Function]}
>
  <FormGroup
    as="div"
    controlId="search__film-input"
  >
    <FormLabel
      column={false}
      srOnly={false}
    >
      <_default />
    </FormLabel>
    <FormControl
      as="input"
      className="search__film-input"
      data-cy="input"
      maxLength="50"
      onChange={[Function]}
      placeholder="Enter film undefined"
      type="text"
    />
    <div
      className="d-flex justify-content-center align-items-center search__button-group"
    >
      <div>
        SEARCH BY
      </div>
      <Button
        active={false}
        className="search__button-title"
        data-cy="title"
        disabled={false}
        type="button"
        variant="secondary"
      >
        TITLE
      </Button>
      <Button
        active={false}
        className="search__button-genres"
        data-cy="genre"
        disabled={false}
        type="button"
        variant="secondary"
      >
        GENRE
      </Button>
      <Button
        active={false}
        className="search__button-search ml-auto"
        data-cy="search"
        disabled={false}
        size="lg"
        type="submit"
        variant="danger"
      >
        SEARCH
      </Button>
    </div>
  </FormGroup>
</form>
`;
