// Jest Snapshot v1, https://goo.gl/fbAQLP

exports[`DetailFilmInfo component should be render correctly 1`] = `
<_default
  film={
    Object {
      "duration": "111",
      "genres": Array [
        "Action",
        "Adventure",
      ],
      "id": "1",
      "overview": "The lead character, called 'The Bride', was a member of the Deadly Viper Assassination Squad, led by her lover 'Bill.' Upon realizing she was pregnant with Bill's child, 'The Bride' decided to escape her life as a killer. She fled to Texas, met a young man, who, on the day of their wedding rehearsal was gunned down by an angry and jealous Bill (with the assistance of the Deadly Viper Assassination Squad). Four years later, 'The Bride' wakes from a coma, and discovers her baby is gone. She, then, decides to seek revenge upon the five people who destroyed her life and killed her baby. The saga of Kill Bill Volume I begins.",
      "poster_path": "kill-bill-v1.jpg",
      "release_date": "2003",
      "title": "Kill Bill vol 1",
      "vote_average": "8.1",
    }
  }
  loadFoundedFilms={
    [MockFunction] {
      "calls": Array [
        Array [
          Object {
            "genre": "Action",
          },
        ],
      ],
      "results": Array [
        Object {
          "type": "return",
          "value": undefined,
        },
      ],
    }
  }
  setBrieflyMode={[MockFunction]}
  showPopularFilms={[MockFunction]}
>
  <div
    className="detail-film-info content__detail-film-info d-flex justify-content-around flex-wrap flex-md-row flex-column align-items-center align-self-center"
  >
    <Button
      active={false}
      className="ml-auto detail-film-info__search-button"
      disabled={false}
      onClick={[Function]}
      type="button"
      variant="outline-primary"
    >
      <button
        className="ml-auto detail-film-info__search-button btn btn-outline-primary"
        disabled={false}
        onClick={[Function]}
        type="button"
      >
        Search
      </button>
    </Button>
    <div
      className="detail-film-info__image"
    >
      <_default
        alt="Kill Bill vol 1"
        logo="kill-bill-v1.jpg"
      >
        <img
          alt="Kill Bill vol 1"
          className="film-item__film-image"
          src="kill-bill-v1.jpg"
        />
      </_default>
    </div>
    <div
      className="detail-film-info__info d-flex flex-column text-justify"
    >
      <div
        className="d-flex font-weight-bold flex-wrap align-items-center justify-content-between"
      >
        <p
          className="detail-film-info__title detail-film-info__indent"
        >
          Kill Bill vol 1
        </p>
        <p
          className="detail-film-info__rating"
        >
          8.1
        </p>
      </div>
      <div
        className="d-flex font-weight-bold detail-film-info__indent"
      >
        <p>
          2003
        </p>
        <p>
           min
        </p>
      </div>
      <p
        className="detail-film-info__indent m-0"
      >
        The lead character, called 'The Bride', was a member of the Deadly Viper Assassination Squad, led by her lover 'Bill.' Upon realizing she was pregnant with Bill's child, 'The Bride' decided to escape her life as a killer. She fled to Texas, met a young man, who, on the day of their wedding rehearsal was gunned down by an angry and jealous Bill (with the assistance of the Deadly Viper Assassination Squad). Four years later, 'The Bride' wakes from a coma, and discovers her baby is gone. She, then, decides to seek revenge upon the five people who destroyed her life and killed her baby. The saga of Kill Bill Volume I begins.
      </p>
    </div>
  </div>
</_default>
`;
